VERSION: 1
YWrite.java,12,46,YWrite
XLabel.java,9,42,XLabel
FigurePrintable.java,8,47,FigurePrintable
TicMarks.java,10,96,TicMarks
YTics.java,9,46,YTics
AGraph.java,18,214,AGraph
FontPicker.java,6,61,FontPicker
FontPicker.java,62,120,FontPanel
FontPicker.java,54,59,FontPicker$ButtonListener
DrawLabels.java,9,58,DrawLabels
Line.java,9,70,Line
LineLabel.java,9,67,LineLabel
XWrite.java,12,40,XWrite
Axis.java,10,44,Axis
GraphComponent.java,11,78,GraphComponent
XGrid.java,9,27,XGrid
Figure.java,206,217,Figure$SaveColorsAction
Figure.java,196,204,Figure$AddTitleAction
Figure.java,219,226,Figure$LoadColorsAction
Figure.java,48,52,Figure$1
Figure.java,272,282,Figure$InnerColorAction
Figure.java,350,427,Figure$AxisDialog
Figure.java,174,183,Figure$SetYAxisAction
Figure.java,284,294,Figure$TextColorAction
Figure.java,308,318,Figure$GridColorAction
Figure.java,165,172,Figure$FontAction
Figure.java,240,250,Figure$OuterColorAction
Figure.java,320,345,Figure$LineColorAction
Figure.java,252,260,Figure$BlackWhiteAction
Figure.java,186,194,Figure$PrintAction
Figure.java,296,306,Figure$AxisColorAction
Figure.java,6,507,Figure
Figure.java,262,270,Figure$HBPColorsAction
WriteAlongAxis.java,13,89,WriteAlongAxis
GColors.java,3,15,GColors
XTics.java,9,43,XTics
YGrid.java,9,26,YGrid
DrawAlongAxis.java,12,100,DrawAlongAxis
